// Jest Snapshot v1, https://goo.gl/fbAQLP

exports[`it should not render children if user is not logged in 1`] = `<div />`;
